src/features/verification/api/verification.mock.ts(30,9): error TS2353: Object literal may only specify known properties, and 'extraction' does not exist in type 'ServerDocItem'.
src/features/verification/api/verification.mock.ts(124,9): error TS2353: Object literal may only specify known properties, and 'extraction' does not exist in type 'ServerDocItem'.
src/features/verification/api/verification.mock.ts(162,9): error TS2353: Object literal may only specify known properties, and 'extraction' does not exist in type 'ServerDocItem'.
src/features/verification/api/verification.mock.ts(250,9): error TS2353: Object literal may only specify known properties, and 'extraction' does not exist in type 'ServerDocItem'.
src/features/verification/api/verification.mock.ts(340,9): error TS2353: Object literal may only specify known properties, and 'extraction' does not exist in type 'ServerDocItem'.
src/features/verification/api/verification.mock.ts(408,9): error TS2353: Object literal may only specify known properties, and 'extraction' does not exist in type 'ServerDocItem'.
src/features/verification/api/verification.mock.ts(446,9): error TS2353: Object literal may only specify known properties, and 'extraction' does not exist in type 'ServerDocItem'.
src/features/verification/api/verification.mock.ts(534,9): error TS2353: Object literal may only specify known properties, and 'extraction' does not exist in type 'ServerDocItem'.
src/features/verification/api/verification.mock.ts(602,9): error TS2353: Object literal may only specify known properties, and 'extraction' does not exist in type 'ServerDocItem'.
src/features/verification/api/verification.mock.ts(640,9): error TS2353: Object literal may only specify known properties, and 'extraction' does not exist in type 'ServerDocItem'.
src/features/verification/api/verification.mock.ts(708,9): error TS2353: Object literal may only specify known properties, and 'extraction' does not exist in type 'ServerDocItem'.
src/features/verification/api/verification.mock.ts(776,9): error TS2353: Object literal may only specify known properties, and 'extraction' does not exist in type 'ServerDocItem'.
src/features/verification/api/verification.mock.ts(878,9): error TS2353: Object literal may only specify known properties, and 'extraction' does not exist in type 'ServerDocItem'.
src/features/verification/api/verification.mock.ts(1022,9): error TS2353: Object literal may only specify known properties, and 'extraction' does not exist in type 'ServerDocItem'.
src/features/verification/api/verification.mock.ts(1104,9): error TS2353: Object literal may only specify known properties, and 'extraction' does not exist in type 'ServerDocItem'.
src/features/verification/api/verification.mock.ts(1180,7): error TS2353: Object literal may only specify known properties, and 'risks' does not exist in type '{ documentMissings: ValidationMissing[]; violations: ValidationViolation[]; }'.
src/features/verification/model/use-verification-controller.ts(50,13): error TS2322: Type 'unknown' is not assignable to type 'string | number | boolean | null'.
src/features/verification/model/use-verification-controller.ts(55,15): error TS2345: Argument of type 'unknown' is not assignable to parameter of type 'string'.
