src/features/verification/api/verification.mock.ts(8,3): error TS2353: Object literal may only specify known properties, and 'success' does not exist in type 'VerificationServerResponse'.
src/features/verification/model/use-verification-status.ts(26,37): error TS2339: Property 'data' does not exist on type 'VerificationServerResponse'.
src/features/verification/model/use-verification-status.ts(44,28): error TS2339: Property 'data' does not exist on type 'VerificationServerResponse'.
